
Build Summary: 61/61 steps succeeded; 165/165 tests passed
test success
+- run test 11 passed 659ms MaxRSS:2M
|  +- compile test Debug native success 744ms MaxRSS:234M
+- run test 1 passed 287ms MaxRSS:2M
|  +- compile test Debug native success 758ms MaxRSS:243M
+- run test 20 passed 352ms MaxRSS:2M
|  +- compile test Debug native success 849ms MaxRSS:266M
+- run test 8 passed 247ms MaxRSS:2M
|  +- compile test Debug native success 838ms MaxRSS:252M
+- run test 9 passed 296ms MaxRSS:2M
|  +- compile test Debug native success 834ms MaxRSS:260M
+- run test 2 passed 233ms MaxRSS:2M
|  +- compile test Debug native success 777ms MaxRSS:248M
+- run test 5 passed 288ms MaxRSS:2M
|  +- compile test Debug native success 758ms MaxRSS:251M
+- run test 4 passed 232ms MaxRSS:2M
|  +- compile test Debug native success 1s MaxRSS:250M
+- run test 1 passed 238ms MaxRSS:2M
|  +- compile test Debug native success 881ms MaxRSS:260M
+- run test 3 passed 388ms MaxRSS:2M
|  +- compile test Debug native success 720ms MaxRSS:241M
+- run test 3 passed 348ms MaxRSS:2M
|  +- compile test Debug native success 775ms MaxRSS:248M
+- run test success 241ms MaxRSS:1M
|  +- compile test Debug native success 730ms MaxRSS:236M
+- run test 1 passed 453ms MaxRSS:1M
|  +- compile test Debug native success 731ms MaxRSS:239M
+- run test 7 passed 238ms MaxRSS:2M
|  +- compile test Debug native success 1s MaxRSS:247M
+- run test 4 passed 373ms MaxRSS:2M
|  +- compile test Debug native success 727ms MaxRSS:246M
+- run test 4 passed 379ms MaxRSS:2M
|  +- compile test Debug native success 964ms MaxRSS:250M
+- run test 3 passed 311ms MaxRSS:2M
|  +- compile test Debug native success 808ms MaxRSS:261M
+- run test 2 passed 402ms MaxRSS:2M
|  +- compile test Debug native success 704ms MaxRSS:246M
+- run test 8 passed 229ms MaxRSS:2M
|  +- compile test Debug native success 978ms MaxRSS:241M
+- run test 7 passed 234ms MaxRSS:2M
|  +- compile test Debug native success 801ms MaxRSS:239M
+- run test 13 passed 871ms MaxRSS:2M
|  +- compile test Debug native success 751ms MaxRSS:239M
+- run test 4 passed 269ms MaxRSS:2M
|  +- compile test Debug native success 790ms MaxRSS:259M
+- run test 10 passed 291ms MaxRSS:2M
|  +- compile test Debug native success 794ms MaxRSS:247M
+- run test 8 passed 236ms MaxRSS:2M
|  +- compile test Debug native success 811ms MaxRSS:250M
+- run test 2 passed 317ms MaxRSS:2M
|  +- compile test Debug native success 750ms MaxRSS:249M
+- run test 11 passed 281ms MaxRSS:2M
|  +- compile test Debug native success 1s MaxRSS:262M
+- run test 3 passed 376ms MaxRSS:2M
|  +- compile test Debug native success 725ms MaxRSS:244M
+- run test 1 passed 287ms MaxRSS:2M
|  +- compile test Debug native success 802ms MaxRSS:252M
+- run test 2 passed 486ms MaxRSS:2M
|  +- compile test Debug native success 756ms MaxRSS:246M
+- run test 8 passed 298ms MaxRSS:2M
   +- compile test Debug native success 806ms MaxRSS:242M

