
Build Summary: 61/61 steps succeeded; 165/165 tests passed
test success
+- run test 11 passed 223ms MaxRSS:2M
|  +- compile test Debug native success 680ms MaxRSS:242M
+- run test 1 passed 229ms MaxRSS:2M
|  +- compile test Debug native success 706ms MaxRSS:242M
+- run test 20 passed 244ms MaxRSS:2M
|  +- compile test Debug native success 819ms MaxRSS:277M
+- run test 8 passed 237ms MaxRSS:2M
|  +- compile test Debug native success 702ms MaxRSS:251M
+- run test 9 passed 549ms MaxRSS:2M
|  +- compile test Debug native success 714ms MaxRSS:255M
+- run test 2 passed 483ms MaxRSS:2M
|  +- compile test Debug native success 677ms MaxRSS:247M
+- run test 5 passed 223ms MaxRSS:2M
|  +- compile test Debug native success 708ms MaxRSS:249M
+- run test 4 passed 241ms MaxRSS:2M
|  +- compile test Debug native success 729ms MaxRSS:250M
+- run test 1 passed 230ms MaxRSS:2M
|  +- compile test Debug native success 787ms MaxRSS:260M
+- run test 3 passed 1s MaxRSS:2M
|  +- compile test Debug native success 701ms MaxRSS:243M
+- run test 3 passed 239ms MaxRSS:2M
|  +- compile test Debug native success 744ms MaxRSS:251M
+- run test success 232ms MaxRSS:1M
|  +- compile test Debug native success 667ms MaxRSS:233M
+- run test 1 passed 853ms MaxRSS:1M
|  +- compile test Debug native success 634ms MaxRSS:234M
+- run test 7 passed 943ms MaxRSS:2M
|  +- compile test Debug native success 686ms MaxRSS:237M
+- run test 4 passed 838ms MaxRSS:2M
|  +- compile test Debug native success 685ms MaxRSS:245M
+- run test 4 passed 1s MaxRSS:2M
|  +- compile test Debug native success 697ms MaxRSS:251M
+- run test 3 passed 1s MaxRSS:2M
|  +- compile test Debug native success 735ms MaxRSS:256M
+- run test 2 passed 245ms MaxRSS:2M
|  +- compile test Debug native success 733ms MaxRSS:245M
+- run test 8 passed 244ms MaxRSS:2M
|  +- compile test Debug native success 743ms MaxRSS:234M
+- run test 7 passed 489ms MaxRSS:2M
|  +- compile test Debug native success 750ms MaxRSS:237M
+- run test 13 passed 281ms MaxRSS:2M
|  +- compile test Debug native success 698ms MaxRSS:242M
+- run test 4 passed 649ms MaxRSS:2M
|  +- compile test Debug native success 818ms MaxRSS:250M
+- run test 10 passed 315ms MaxRSS:2M
|  +- compile test Debug native success 714ms MaxRSS:246M
+- run test 8 passed 253ms MaxRSS:2M
|  +- compile test Debug native success 745ms MaxRSS:252M
+- run test 2 passed 319ms MaxRSS:2M
|  +- compile test Debug native success 715ms MaxRSS:244M
+- run test 11 passed 843ms MaxRSS:2M
|  +- compile test Debug native success 849ms MaxRSS:258M
+- run test 3 passed 1s MaxRSS:2M
|  +- compile test Debug native success 692ms MaxRSS:244M
+- run test 1 passed 337ms MaxRSS:2M
|  +- compile test Debug native success 706ms MaxRSS:242M
+- run test 2 passed 968ms MaxRSS:2M
|  +- compile test Debug native success 687ms MaxRSS:249M
+- run test 8 passed 355ms MaxRSS:2M
   +- compile test Debug native success 708ms MaxRSS:245M

