Compiler: /Users/clorz/.zvm/0.15.2/zig (0.15.2)
SDK: /tmp/zigmkay-macos-sdk
Checking .: test

Build Summary: 81/81 steps succeeded; 179/179 tests passed
test success
+- test success
|  +- run test 11 passed 224ms MaxRSS:2M
|  |  +- compile test Debug native success 688ms MaxRSS:239M
|  +- run test 1 passed 239ms MaxRSS:2M
|  |  +- compile test Debug native success 745ms MaxRSS:245M
|  +- run test 20 passed 764ms MaxRSS:2M
|  |  +- compile test Debug native success 936ms MaxRSS:273M
|  +- run test 8 passed 255ms MaxRSS:2M
|  |  +- compile test Debug native success 757ms MaxRSS:249M
|  +- run test 9 passed 244ms MaxRSS:2M
|  |  +- compile test Debug native success 795ms MaxRSS:257M
|  +- run test 2 passed 231ms MaxRSS:2M
|  |  +- compile test Debug native success 751ms MaxRSS:251M
|  +- run test 5 passed 253ms MaxRSS:2M
|  |  +- compile test Debug native success 708ms MaxRSS:246M
|  +- run test 4 passed 240ms MaxRSS:2M
|  |  +- compile test Debug native success 743ms MaxRSS:248M
|  +- run test 1 passed 223ms MaxRSS:2M
|  |  +- compile test Debug native success 816ms MaxRSS:265M
|  +- run test 3 passed 376ms MaxRSS:2M
|  |  +- compile test Debug native success 708ms MaxRSS:247M
|  +- run test 3 passed 282ms MaxRSS:2M
|  |  +- compile test Debug native success 728ms MaxRSS:249M
|  +- run test success 286ms MaxRSS:1M
|  |  +- compile test Debug native success 700ms MaxRSS:233M
|  +- run test 1 passed 229ms MaxRSS:1M
|  |  +- compile test Debug native success 689ms MaxRSS:236M
|  +- run test 7 passed 253ms MaxRSS:2M
|  |  +- compile test Debug native success 768ms MaxRSS:235M
|  +- run test 4 passed 253ms MaxRSS:2M
|  |  +- compile test Debug native success 754ms MaxRSS:248M
|  +- run test 4 passed 223ms MaxRSS:2M
|  |  +- compile test Debug native success 776ms MaxRSS:250M
|  +- run test 3 passed 237ms MaxRSS:2M
|  |  +- compile test Debug native success 770ms MaxRSS:267M
|  +- run test 2 passed 372ms MaxRSS:2M
|  |  +- compile test Debug native success 718ms MaxRSS:249M
|  +- run test 8 passed 306ms MaxRSS:2M
|  |  +- compile test Debug native success 659ms MaxRSS:232M
|  +- run test 7 passed 296ms MaxRSS:2M
|  |  +- compile test Debug native success 695ms MaxRSS:237M
|  +- run test 13 passed 329ms MaxRSS:2M
|  |  +- compile test Debug native success 706ms MaxRSS:239M
|  +- run test 4 passed 280ms MaxRSS:2M
|  |  +- compile test Debug native success 757ms MaxRSS:251M
|  +- run test 10 passed 227ms MaxRSS:2M
|  |  +- compile test Debug native success 698ms MaxRSS:245M
|  +- run test 8 passed 341ms MaxRSS:2M
|  |  +- compile test Debug native success 754ms MaxRSS:254M
|  +- run test 2 passed 275ms MaxRSS:2M
|  |  +- compile test Debug native success 735ms MaxRSS:246M
|  +- run test 11 passed 241ms MaxRSS:2M
|  |  +- compile test Debug native success 802ms MaxRSS:268M
|  +- run test 3 passed 219ms MaxRSS:2M
|  |  +- compile test Debug native success 703ms MaxRSS:250M
|  +- run test 1 passed 436ms MaxRSS:2M
|  |  +- compile test Debug native success 818ms MaxRSS:247M
|  +- run test 2 passed 239ms MaxRSS:2M
|  |  +- compile test Debug native success 741ms MaxRSS:246M
|  +- run test 8 passed 424ms MaxRSS:2M
|     +- compile test Debug native success 685ms MaxRSS:242M
+- run test 6 passed 1ms MaxRSS:2M
|  +- compile test Debug native cached 40ms MaxRSS:31M
+- compile obj protocol-check Debug wasm32-freestanding cached 30ms MaxRSS:31M
+- run test 3 passed 653ms MaxRSS:2M
|  +- compile test Debug native success 823ms MaxRSS:249M
+- run test 1 passed 245ms MaxRSS:2M
|  +- compile test Debug native success 650ms MaxRSS:241M
+- run test 1 passed 230ms MaxRSS:2M
|  +- compile test Debug native success 721ms MaxRSS:253M
+- run test 1 passed 223ms MaxRSS:2M
|  +- compile test Debug native success 696ms MaxRSS:245M
+- run test 1 passed 237ms MaxRSS:1M
|  +- compile test Debug native success 647ms MaxRSS:237M
+- test success
|  +- run test 1 passed 1ms MaxRSS:1M
|     +- compile test Debug native cached 37ms MaxRSS:31M
+- check-portable cached
   +- compile obj layout-model-check Debug native cached 37ms MaxRSS:31M
   +- compile obj layout-model-check Debug wasm32-freestanding cached 27ms MaxRSS:31M

Checking zkeycodes: test

Build Summary: 13/13 steps succeeded; 22/22 tests passed
test success
+- run test success 1ms MaxRSS:1M
|  +- compile test Debug native cached 44ms MaxRSS:31M
+- run test success 1ms MaxRSS:1M
|  +- compile test Debug native cached 43ms MaxRSS:31M
+- run test 10 passed 1ms MaxRSS:2M
|  +- compile test Debug native cached 43ms MaxRSS:31M
|     +- run exe zkeycodes (keycodes.zig) cached
|     |  +- compile exe zkeycodes Debug native cached 43ms MaxRSS:31M
|     +- run exe zkeycodes (us_international.zig) cached
|     |  +- compile exe zkeycodes Debug native (reused)
|     +- run exe zkeycodes (german_mac_iso.zig) cached
|        +- compile exe zkeycodes Debug native (reused)
+- run test 12 passed 1ms MaxRSS:2M
   +- compile test Debug native cached 43ms MaxRSS:31M
      +- run exe zkeycodes (keycodes.zig) (+1 more reused dependencies)
      +- run exe zkeycodes (us_international.zig) (+1 more reused dependencies)
      +- run exe zkeycodes (german_mac_iso.zig) (+1 more reused dependencies)

Checking keyboards: -Dkeyboard=lk7

Build Summary: 20/20 steps succeeded
install success
+- install generated to zigmkay_firmware.uf2 success
|  +- run exe elf2uf2 (output.uf2) success 1ms MaxRSS:1M
|     +- compile exe elf2uf2 ReleaseSafe native cached 37ms MaxRSS:31M
|     +- compile exe zigmkay_firmware ReleaseSafe thumb-freestanding-eabi success 558ms MaxRSS:152M
|        +- run exe generate_linker_script (linker.ld) cached
|        |  +- compile exe generate_linker_script Debug native cached 43ms MaxRSS:31M
|        +- options cached
|        +- run exe regz (chips) cached
|        |  +- compile exe regz ReleaseSafe native cached 35ms MaxRSS:31M
|        |     +- WriteFile libxml/xmlversion.h cached
|        |     +- compile lib xml2 ReleaseSafe native cached 34ms MaxRSS:30M
|        |     +- compile lib xml2 ReleaseSafe native (reused)
|        |     +- WriteFile  cached
|        |     +- compile lib sqlite ReleaseSafe native cached 33ms MaxRSS:30M
|        |     +- WriteFile sqlite3.h cached
|        |     +- compile lib sqlite3 ReleaseSafe native cached 42ms MaxRSS:30M
|        |     +- compile lib sqlite ReleaseSafe native (reused)
|        |     +- compile lib sqlite3 ReleaseSafe native (reused)
|        +- objcopy generated cached
|           +- compile exe stage2-w25q080 ReleaseSmall thumb-freestanding-eabi cached 39ms MaxRSS:30M
+- install zig_flash cached
   +- compile exe zig_flash ReleaseSafe native cached 43ms MaxRSS:31M
