Compiler: /Users/clorz/.zvm/0.15.2/zig (0.15.2)
SDK: /tmp/zigmkay-macos-sdk
Checking .: test

Build Summary: 74/74 steps succeeded; 171/171 tests passed
test success
+- test success
|  +- run test 11 passed 299ms MaxRSS:2M
|  |  +- compile test Debug native success 747ms MaxRSS:235M
|  +- run test 1 passed 266ms MaxRSS:2M
|  |  +- compile test Debug native success 776ms MaxRSS:244M
|  +- run test 20 passed 853ms MaxRSS:2M
|  |  +- compile test Debug native success 900ms MaxRSS:268M
|  +- run test 8 passed 221ms MaxRSS:2M
|  |  +- compile test Debug native success 771ms MaxRSS:246M
|  +- run test 9 passed 272ms MaxRSS:2M
|  |  +- compile test Debug native success 821ms MaxRSS:257M
|  +- run test 2 passed 305ms MaxRSS:2M
|  |  +- compile test Debug native success 755ms MaxRSS:242M
|  +- run test 5 passed 269ms MaxRSS:2M
|  |  +- compile test Debug native success 721ms MaxRSS:245M
|  +- run test 4 passed 253ms MaxRSS:2M
|  |  +- compile test Debug native success 736ms MaxRSS:249M
|  +- run test 1 passed 251ms MaxRSS:2M
|  |  +- compile test Debug native success 797ms MaxRSS:264M
|  +- run test 3 passed 287ms MaxRSS:2M
|  |  +- compile test Debug native success 801ms MaxRSS:246M
|  +- run test 3 passed 238ms MaxRSS:2M
|  |  +- compile test Debug native success 782ms MaxRSS:248M
|  +- run test success 295ms MaxRSS:1M
|  |  +- compile test Debug native success 697ms MaxRSS:236M
|  +- run test 1 passed 378ms MaxRSS:1M
|  |  +- compile test Debug native success 718ms MaxRSS:235M
|  +- run test 7 passed 290ms MaxRSS:2M
|  |  +- compile test Debug native success 750ms MaxRSS:235M
|  +- run test 4 passed 497ms MaxRSS:2M
|  |  +- compile test Debug native success 815ms MaxRSS:249M
|  +- run test 4 passed 239ms MaxRSS:2M
|  |  +- compile test Debug native success 796ms MaxRSS:251M
|  +- run test 3 passed 235ms MaxRSS:2M
|  |  +- compile test Debug native success 803ms MaxRSS:260M
|  +- run test 2 passed 281ms MaxRSS:2M
|  |  +- compile test Debug native success 751ms MaxRSS:244M
|  +- run test 8 passed 412ms MaxRSS:2M
|  |  +- compile test Debug native success 661ms MaxRSS:235M
|  +- run test 7 passed 406ms MaxRSS:2M
|  |  +- compile test Debug native success 680ms MaxRSS:238M
|  +- run test 13 passed 336ms MaxRSS:2M
|  |  +- compile test Debug native success 680ms MaxRSS:237M
|  +- run test 4 passed 257ms MaxRSS:2M
|  |  +- compile test Debug native success 807ms MaxRSS:252M
|  +- run test 10 passed 245ms MaxRSS:2M
|  |  +- compile test Debug native success 757ms MaxRSS:243M
|  +- run test 8 passed 276ms MaxRSS:2M
|  |  +- compile test Debug native success 754ms MaxRSS:248M
|  +- run test 2 passed 283ms MaxRSS:2M
|  |  +- compile test Debug native success 746ms MaxRSS:246M
|  +- run test 11 passed 246ms MaxRSS:2M
|  |  +- compile test Debug native success 775ms MaxRSS:263M
|  +- run test 3 passed 309ms MaxRSS:2M
|  |  +- compile test Debug native success 763ms MaxRSS:249M
|  +- run test 1 passed 379ms MaxRSS:2M
|  |  +- compile test Debug native success 743ms MaxRSS:246M
|  +- run test 2 passed 714ms MaxRSS:2M
|  |  +- compile test Debug native success 817ms MaxRSS:247M
|  +- run test 8 passed 344ms MaxRSS:2M
|     +- compile test Debug native success 753ms MaxRSS:240M
+- run test 3 passed 287ms MaxRSS:2M
|  +- compile test Debug native success 734ms MaxRSS:247M
+- run test 1 passed 257ms MaxRSS:2M
|  +- compile test Debug native success 721ms MaxRSS:244M
+- run test 1 passed 251ms MaxRSS:1M
|  +- compile test Debug native success 706ms MaxRSS:248M
+- test success
|  +- run test 1 passed 1ms MaxRSS:1M
|     +- compile test Debug native cached 41ms MaxRSS:31M
+- check-portable cached
   +- compile obj layout-model-check Debug native cached 37ms MaxRSS:31M
   +- compile obj layout-model-check Debug wasm32-freestanding cached 30ms MaxRSS:31M

Checking zkeycodes: test

Build Summary: 13/13 steps succeeded; 22/22 tests passed
test success
+- run test success 1ms MaxRSS:1M
|  +- compile test Debug native cached 42ms MaxRSS:31M
+- run test success 1ms MaxRSS:1M
|  +- compile test Debug native cached 45ms MaxRSS:31M
+- run test 10 passed 1ms MaxRSS:2M
|  +- compile test Debug native cached 43ms MaxRSS:31M
|     +- run exe zkeycodes (keycodes.zig) cached
|     |  +- compile exe zkeycodes Debug native cached 45ms MaxRSS:31M
|     +- run exe zkeycodes (us_international.zig) cached
|     |  +- compile exe zkeycodes Debug native (reused)
|     +- run exe zkeycodes (german_mac_iso.zig) cached
|        +- compile exe zkeycodes Debug native (reused)
+- run test 12 passed 1ms MaxRSS:2M
   +- compile test Debug native cached 43ms MaxRSS:31M
      +- run exe zkeycodes (keycodes.zig) (+1 more reused dependencies)
      +- run exe zkeycodes (us_international.zig) (+1 more reused dependencies)
      +- run exe zkeycodes (german_mac_iso.zig) (+1 more reused dependencies)

Checking keyboards: -Dkeyboard=lk7

Build Summary: 20/20 steps succeeded
install success
+- install generated to zigmkay_firmware.uf2 success
|  +- run exe elf2uf2 (output.uf2) success 1ms MaxRSS:1M
|     +- compile exe elf2uf2 ReleaseSafe native cached 41ms MaxRSS:31M
|     +- compile exe zigmkay_firmware ReleaseSafe thumb-freestanding-eabi success 548ms MaxRSS:150M
|        +- run exe generate_linker_script (linker.ld) cached
|        |  +- compile exe generate_linker_script Debug native cached 43ms MaxRSS:31M
|        +- options cached
|        +- run exe regz (chips) cached
|        |  +- compile exe regz ReleaseSafe native cached 45ms MaxRSS:31M
|        |     +- WriteFile libxml/xmlversion.h cached
|        |     +- compile lib xml2 ReleaseSafe native cached 36ms MaxRSS:30M
|        |     +- compile lib xml2 ReleaseSafe native (reused)
|        |     +- WriteFile  cached
|        |     +- compile lib sqlite ReleaseSafe native cached 42ms MaxRSS:30M
|        |     +- WriteFile sqlite3.h cached
|        |     +- compile lib sqlite3 ReleaseSafe native cached 42ms MaxRSS:30M
|        |     +- compile lib sqlite ReleaseSafe native (reused)
|        |     +- compile lib sqlite3 ReleaseSafe native (reused)
|        +- objcopy generated cached
|           +- compile exe stage2-w25q080 ReleaseSmall thumb-freestanding-eabi cached 33ms MaxRSS:30M
+- install zig_flash cached
   +- compile exe zig_flash ReleaseSafe native cached 43ms MaxRSS:31M

