Compiler: /Users/clorz/.zvm/0.15.2/zig (0.15.2)
SDK: /tmp/zigmkay-macos-sdk
Checking .: test

Build Summary: 77/77 steps succeeded; 177/177 tests passed
test success
+- test success
|  +- run test 11 passed 1ms MaxRSS:2M
|  |  +- compile test Debug native cached 53ms MaxRSS:31M
|  +- run test 1 passed 1ms MaxRSS:2M
|  |  +- compile test Debug native cached 50ms MaxRSS:31M
|  +- run test 20 passed 1ms MaxRSS:2M
|  |  +- compile test Debug native cached 49ms MaxRSS:31M
|  +- run test 8 passed 1ms MaxRSS:2M
|  |  +- compile test Debug native cached 50ms MaxRSS:31M
|  +- run test 9 passed 1ms MaxRSS:2M
|  |  +- compile test Debug native cached 48ms MaxRSS:31M
|  +- run test 2 passed 1ms MaxRSS:2M
|  |  +- compile test Debug native cached 50ms MaxRSS:31M
|  +- run test 5 passed 1ms MaxRSS:2M
|  |  +- compile test Debug native cached 47ms MaxRSS:31M
|  +- run test 4 passed 1ms MaxRSS:2M
|  |  +- compile test Debug native cached 49ms MaxRSS:31M
|  +- run test 1 passed 1ms MaxRSS:2M
|  |  +- compile test Debug native cached 54ms MaxRSS:31M
|  +- run test 3 passed 1ms MaxRSS:2M
|  |  +- compile test Debug native cached 49ms MaxRSS:31M
|  +- run test 3 passed 1ms MaxRSS:2M
|  |  +- compile test Debug native cached 50ms MaxRSS:31M
|  +- run test success 1ms MaxRSS:1M
|  |  +- compile test Debug native cached 39ms MaxRSS:31M
|  +- run test 1 passed 1ms MaxRSS:1M
|  |  +- compile test Debug native cached 52ms MaxRSS:31M
|  +- run test 7 passed 2ms MaxRSS:2M
|  |  +- compile test Debug native cached 51ms MaxRSS:31M
|  +- run test 4 passed 1ms MaxRSS:2M
|  |  +- compile test Debug native cached 79ms MaxRSS:31M
|  +- run test 4 passed 2ms MaxRSS:2M
|  |  +- compile test Debug native cached 53ms MaxRSS:31M
|  +- run test 3 passed 2ms MaxRSS:2M
|  |  +- compile test Debug native cached 53ms MaxRSS:31M
|  +- run test 2 passed 1ms MaxRSS:2M
|  |  +- compile test Debug native cached 47ms MaxRSS:31M
|  +- run test 8 passed 1ms MaxRSS:2M
|  |  +- compile test Debug native cached 49ms MaxRSS:31M
|  +- run test 7 passed 2ms MaxRSS:2M
|  |  +- compile test Debug native cached 50ms MaxRSS:31M
|  +- run test 13 passed 2ms MaxRSS:2M
|  |  +- compile test Debug native cached 50ms MaxRSS:31M
|  +- run test 4 passed 2ms MaxRSS:2M
|  |  +- compile test Debug native cached 49ms MaxRSS:31M
|  +- run test 10 passed 2ms MaxRSS:2M
|  |  +- compile test Debug native cached 47ms MaxRSS:31M
|  +- run test 8 passed 1ms MaxRSS:2M
|  |  +- compile test Debug native cached 50ms MaxRSS:31M
|  +- run test 2 passed 1ms MaxRSS:2M
|  |  +- compile test Debug native cached 49ms MaxRSS:31M
|  +- run test 11 passed 1ms MaxRSS:2M
|  |  +- compile test Debug native cached 50ms MaxRSS:31M
|  +- run test 3 passed 1ms MaxRSS:2M
|  |  +- compile test Debug native cached 79ms MaxRSS:31M
|  +- run test 1 passed 1ms MaxRSS:2M
|  |  +- compile test Debug native cached 41ms MaxRSS:31M
|  +- run test 2 passed 1ms MaxRSS:2M
|  |  +- compile test Debug native cached 48ms MaxRSS:31M
|  +- run test 8 passed 2ms MaxRSS:2M
|     +- compile test Debug native cached 50ms MaxRSS:31M
+- run test 6 passed 301ms MaxRSS:2M
|  +- compile test Debug native success 813ms MaxRSS:248M
+- compile obj protocol-check Debug wasm32-freestanding success 66ms MaxRSS:77M
+- run test 3 passed 1ms MaxRSS:2M
|  +- compile test Debug native cached 53ms MaxRSS:31M
+- run test 1 passed 1ms MaxRSS:2M
|  +- compile test Debug native cached 55ms MaxRSS:31M
+- run test 1 passed 1ms MaxRSS:1M
|  +- compile test Debug native cached 80ms MaxRSS:31M
+- test success
|  +- run test 1 passed 1ms MaxRSS:1M
|     +- compile test Debug native cached 44ms MaxRSS:31M
+- check-portable cached
   +- compile obj layout-model-check Debug native cached 40ms MaxRSS:31M
   +- compile obj layout-model-check Debug wasm32-freestanding cached 35ms MaxRSS:31M

Checking zkeycodes: test

Build Summary: 13/13 steps succeeded; 22/22 tests passed
test success
+- run test success 1ms MaxRSS:1M
|  +- compile test Debug native cached 47ms MaxRSS:31M
+- run test success 1ms MaxRSS:1M
|  +- compile test Debug native cached 48ms MaxRSS:31M
+- run test 10 passed 1ms MaxRSS:2M
|  +- compile test Debug native cached 47ms MaxRSS:31M
|     +- run exe zkeycodes (keycodes.zig) cached
|     |  +- compile exe zkeycodes Debug native cached 48ms MaxRSS:31M
|     +- run exe zkeycodes (us_international.zig) cached
|     |  +- compile exe zkeycodes Debug native (reused)
|     +- run exe zkeycodes (german_mac_iso.zig) cached
|        +- compile exe zkeycodes Debug native (reused)
+- run test 12 passed 1ms MaxRSS:2M
   +- compile test Debug native cached 47ms MaxRSS:31M
      +- run exe zkeycodes (keycodes.zig) (+1 more reused dependencies)
      +- run exe zkeycodes (us_international.zig) (+1 more reused dependencies)
      +- run exe zkeycodes (german_mac_iso.zig) (+1 more reused dependencies)

