
Build Summary: 75/75 steps succeeded
convert-all success
+- UpdateSourceFiles success
   +- run exe zkeycodes (keycodes.zig) success 3ms MaxRSS:2M
   |  +- compile exe zkeycodes Debug native cached 33ms MaxRSS:31M
   +- run exe zkeycodes (belgian.zig) success 2ms MaxRSS:2M
   |  +- compile exe zkeycodes Debug native (reused)
   +- run exe zkeycodes (bepo.zig) success 4ms MaxRSS:2M
   |  +- compile exe zkeycodes Debug native (reused)
   +- run exe zkeycodes (brazilian_abnt2.zig) success 2ms MaxRSS:2M
   |  +- compile exe zkeycodes Debug native (reused)
   +- run exe zkeycodes (canadian_french.zig) success 2ms MaxRSS:2M
   |  +- compile exe zkeycodes Debug native (reused)
   +- run exe zkeycodes (canadian_multilingual.zig) success 2ms MaxRSS:2M
   |  +- compile exe zkeycodes Debug native (reused)
   +- run exe zkeycodes (colemak.zig) success 3ms MaxRSS:2M
   |  +- compile exe zkeycodes Debug native (reused)
   +- run exe zkeycodes (croatian.zig) success 2ms MaxRSS:2M
   |  +- compile exe zkeycodes Debug native (reused)
   +- run exe zkeycodes (czech.zig) success 2ms MaxRSS:2M
   |  +- compile exe zkeycodes Debug native (reused)
   +- run exe zkeycodes (czech_mac_ansi.zig) success 2ms MaxRSS:2M
   |  +- compile exe zkeycodes Debug native (reused)
   +- run exe zkeycodes (czech_mac_iso.zig) success 2ms MaxRSS:2M
   |  +- compile exe zkeycodes Debug native (reused)
   +- run exe zkeycodes (danish.zig) success 2ms MaxRSS:2M
   |  +- compile exe zkeycodes Debug native (reused)
   +- run exe zkeycodes (dvorak.zig) success 2ms MaxRSS:2M
   |  +- compile exe zkeycodes Debug native (reused)
   +- run exe zkeycodes (dvorak_fr.zig) success 2ms MaxRSS:2M
   |  +- compile exe zkeycodes Debug native (reused)
   +- run exe zkeycodes (dvorak_programmer.zig) success 2ms MaxRSS:2M
   |  +- compile exe zkeycodes Debug native (reused)
   +- run exe zkeycodes (estonian.zig) success 2ms MaxRSS:2M
   |  +- compile exe zkeycodes Debug native (reused)
   +- run exe zkeycodes (eurkey.zig) success 3ms MaxRSS:2M
   |  +- compile exe zkeycodes Debug native (reused)
   +- run exe zkeycodes (farsi.zig) success 2ms MaxRSS:2M
   |  +- compile exe zkeycodes Debug native (reused)
   +- run exe zkeycodes (finnish.zig) success 2ms MaxRSS:2M
   |  +- compile exe zkeycodes Debug native (reused)
   +- run exe zkeycodes (french.zig) success 2ms MaxRSS:2M
   |  +- compile exe zkeycodes Debug native (reused)
   +- run exe zkeycodes (french_afnor.zig) success 3ms MaxRSS:2M
   |  +- compile exe zkeycodes Debug native (reused)
   +- run exe zkeycodes (french_mac_iso.zig) success 2ms MaxRSS:2M
   |  +- compile exe zkeycodes Debug native (reused)
   +- run exe zkeycodes (german.zig) success 2ms MaxRSS:2M
   |  +- compile exe zkeycodes Debug native (reused)
   +- run exe zkeycodes (german_mac_iso.zig) success 2ms MaxRSS:2M
   |  +- compile exe zkeycodes Debug native (reused)
   +- run exe zkeycodes (greek.zig) success 2ms MaxRSS:2M
   |  +- compile exe zkeycodes Debug native (reused)
   +- run exe zkeycodes (hebrew.zig) success 2ms MaxRSS:2M
   |  +- compile exe zkeycodes Debug native (reused)
   +- run exe zkeycodes (hungarian.zig) success 2ms MaxRSS:2M
   |  +- compile exe zkeycodes Debug native (reused)
   +- run exe zkeycodes (icelandic.zig) success 2ms MaxRSS:2M
   |  +- compile exe zkeycodes Debug native (reused)
   +- run exe zkeycodes (irish.zig) success 2ms MaxRSS:2M
   |  +- compile exe zkeycodes Debug native (reused)
   +- run exe zkeycodes (italian.zig) success 2ms MaxRSS:2M
   |  +- compile exe zkeycodes Debug native (reused)
   +- run exe zkeycodes (italian_mac_ansi.zig) success 2ms MaxRSS:2M
   |  +- compile exe zkeycodes Debug native (reused)
   +- run exe zkeycodes (italian_mac_iso.zig) success 2ms MaxRSS:2M
   |  +- compile exe zkeycodes Debug native (reused)
   +- run exe zkeycodes (japanese.zig) success 2ms MaxRSS:2M
   |  +- compile exe zkeycodes Debug native (reused)
   +- run exe zkeycodes (korean.zig) success 2ms MaxRSS:2M
   |  +- compile exe zkeycodes Debug native (reused)
   +- run exe zkeycodes (latvian.zig) success 3ms MaxRSS:2M
   |  +- compile exe zkeycodes Debug native (reused)
   +- run exe zkeycodes (lithuanian_azerty.zig) success 2ms MaxRSS:2M
   |  +- compile exe zkeycodes Debug native (reused)
   +- run exe zkeycodes (lithuanian_qwerty.zig) success 2ms MaxRSS:2M
   |  +- compile exe zkeycodes Debug native (reused)
   +- run exe zkeycodes (neo2.zig) success 1ms MaxRSS:2M
   |  +- compile exe zkeycodes Debug native (reused)
   +- run exe zkeycodes (nordic.zig) success 1ms MaxRSS:2M
   |  +- compile exe zkeycodes Debug native (reused)
   +- run exe zkeycodes (norman.zig) success 2ms MaxRSS:2M
   |  +- compile exe zkeycodes Debug native (reused)
   +- run exe zkeycodes (norwegian.zig) success 2ms MaxRSS:2M
   |  +- compile exe zkeycodes Debug native (reused)
   +- run exe zkeycodes (plover.zig) success 1ms MaxRSS:2M
   |  +- compile exe zkeycodes Debug native (reused)
   +- run exe zkeycodes (polish.zig) success 2ms MaxRSS:2M
   |  +- compile exe zkeycodes Debug native (reused)
   +- run exe zkeycodes (portuguese.zig) success 2ms MaxRSS:2M
   |  +- compile exe zkeycodes Debug native (reused)
   +- run exe zkeycodes (portuguese_mac_iso.zig) success 2ms MaxRSS:2M
   |  +- compile exe zkeycodes Debug native (reused)
   +- run exe zkeycodes (romanian.zig) success 2ms MaxRSS:2M
   |  +- compile exe zkeycodes Debug native (reused)
   +- run exe zkeycodes (russian.zig) success 1ms MaxRSS:2M
   |  +- compile exe zkeycodes Debug native (reused)
   +- run exe zkeycodes (russian_typewriter.zig) success 1ms MaxRSS:2M
   |  +- compile exe zkeycodes Debug native (reused)
   +- run exe zkeycodes (serbian.zig) success 1ms MaxRSS:2M
   |  +- compile exe zkeycodes Debug native (reused)
   +- run exe zkeycodes (serbian_latin.zig) success 2ms MaxRSS:2M
   |  +- compile exe zkeycodes Debug native (reused)
   +- run exe zkeycodes (slovak.zig) success 2ms MaxRSS:2M
   |  +- compile exe zkeycodes Debug native (reused)
   +- run exe zkeycodes (slovenian.zig) success 2ms MaxRSS:2M
   |  +- compile exe zkeycodes Debug native (reused)
   +- run exe zkeycodes (spanish.zig) success 2ms MaxRSS:2M
   |  +- compile exe zkeycodes Debug native (reused)
   +- run exe zkeycodes (spanish_dvorak.zig) success 2ms MaxRSS:2M
   |  +- compile exe zkeycodes Debug native (reused)
   +- run exe zkeycodes (spanish_latin_america.zig) success 2ms MaxRSS:2M
   |  +- compile exe zkeycodes Debug native (reused)
   +- run exe zkeycodes (swedish.zig) success 2ms MaxRSS:2M
   |  +- compile exe zkeycodes Debug native (reused)
   +- run exe zkeycodes (swedish_mac_ansi.zig) success 3ms MaxRSS:2M
   |  +- compile exe zkeycodes Debug native (reused)
   +- run exe zkeycodes (swedish_mac_iso.zig) success 4ms MaxRSS:2M
   |  +- compile exe zkeycodes Debug native (reused)
   +- run exe zkeycodes (swedish_pro_mac_ansi.zig) success 2ms MaxRSS:2M
   |  +- compile exe zkeycodes Debug native (reused)
   +- run exe zkeycodes (swedish_pro_mac_iso.zig) success 3ms MaxRSS:2M
   |  +- compile exe zkeycodes Debug native (reused)
   +- run exe zkeycodes (swiss_de.zig) success 3ms MaxRSS:2M
   |  +- compile exe zkeycodes Debug native (reused)
   +- run exe zkeycodes (swiss_fr.zig) success 2ms MaxRSS:2M
   |  +- compile exe zkeycodes Debug native (reused)
   +- run exe zkeycodes (turkish_f.zig) success 2ms MaxRSS:2M
   |  +- compile exe zkeycodes Debug native (reused)
   +- run exe zkeycodes (turkish_q.zig) success 2ms MaxRSS:2M
   |  +- compile exe zkeycodes Debug native (reused)
   +- run exe zkeycodes (uk.zig) success 2ms MaxRSS:2M
   |  +- compile exe zkeycodes Debug native (reused)
   +- run exe zkeycodes (ukrainian.zig) success 2ms MaxRSS:2M
   |  +- compile exe zkeycodes Debug native (reused)
   +- run exe zkeycodes (us.zig) success 1ms MaxRSS:2M
   |  +- compile exe zkeycodes Debug native (reused)
   +- run exe zkeycodes (us_extended.zig) success 2ms MaxRSS:2M
   |  +- compile exe zkeycodes Debug native (reused)
   +- run exe zkeycodes (us_international.zig) success 2ms MaxRSS:2M
   |  +- compile exe zkeycodes Debug native (reused)
   +- run exe zkeycodes (us_international_linux.zig) success 2ms MaxRSS:2M
   |  +- compile exe zkeycodes Debug native (reused)
   +- run exe zkeycodes (workman.zig) success 2ms MaxRSS:2M
   |  +- compile exe zkeycodes Debug native (reused)
   +- run exe zkeycodes (workman_zxcvm.zig) success 1ms MaxRSS:2M
      +- compile exe zkeycodes Debug native (reused)

